---
source: src/tests/mod.rs
expression: actual

---
Some(
    RefCell {
        value: TreeNode {
            val: 1,
            left: None,
            right: None,
        },
    },
)
