---
source: src/tests/mod.rs
expression: actual

---
Some(
    ListNode {
        val: 1,
        next: None,
    },
)
