---
source: src/tests/mod.rs
expression: actual

---
Some(
    RefCell {
        value: TreeNode {
            val: 4,
            left: Some(
                RefCell {
                    value: TreeNode {
                        val: 7,
                        left: Some(
                            RefCell {
                                value: TreeNode {
                                    val: 9,
                                    left: None,
                                    right: None,
                                },
                            },
                        ),
                        right: Some(
                            RefCell {
                                value: TreeNode {
                                    val: 6,
                                    left: None,
                                    right: None,
                                },
                            },
                        ),
                    },
                },
            ),
            right: Some(
                RefCell {
                    value: TreeNode {
                        val: 2,
                        left: Some(
                            RefCell {
                                value: TreeNode {
                                    val: 3,
                                    left: None,
                                    right: None,
                                },
                            },
                        ),
                        right: Some(
                            RefCell {
                                value: TreeNode {
                                    val: 1,
                                    left: None,
                                    right: None,
                                },
                            },
                        ),
                    },
                },
            ),
        },
    },
)
