---
source: src/tests/mod.rs
expression: actual

---
None
